added manifest
adding: .classpath(in = 190) (out= 137)(deflated 27%)
adding: .project(in = 384) (out= 191)(deflated 50%)
adding: 1.png(in = 81073) (out= 81098)(deflated 0%)
adding: 2.png(in = 263474) (out= 263559)(deflated 0%)
adding: BattleShip/(in = 0) (out= 0)(stored 0%)
adding: BattleShip/BattleShipController$ProductionTeamListener.class(in = 809) (out= 418)(deflated 48%)
adding: BattleShip/BattleShipController$backButtonActionListener.class(in = 2030) (out= 1029)(deflated 49%)
adding: BattleShip/BattleShipController$presetLayoutListener.class(in = 3049) (out= 1107)(deflated 63%)
adding: BattleShip/BattleShipController$resetButtonActionListener.class(in = 891) (out= 454)(deflated 49%)
adding: BattleShip/BattleShipController$s1ButtonActionListener.class(in = 1877) (out= 932)(deflated 50%)
adding: BattleShip/BattleShipController$s2ButtonActionListener.class(in = 1877) (out= 934)(deflated 50%)
adding: BattleShip/BattleShipController$s3ButtonActionListener.class(in = 1877) (out= 935)(deflated 50%)
adding: BattleShip/BattleShipController$s4ButtonActionListener.class(in = 1877) (out= 934)(deflated 50%)
adding: BattleShip/BattleShipController$s5ButtonActionListener.class(in = 1877) (out= 932)(deflated 50%)
adding: BattleShip/BattleShipController$saveButtonActionListener.class(in = 2021) (out= 1018)(deflated 49%)
adding: BattleShip/BattleShipController$settingListener.class(in = 855) (out= 455)(deflated 46%)
adding: BattleShip/BattleShipController$ship2LabelListenerMouseListener.class(in = 2493) (out= 1136)(deflated 54%)
adding: BattleShip/BattleShipController$ship3LabelListenerMouseListener.class(in = 2438) (out= 1110)(deflated 54%)
adding: BattleShip/BattleShipController$ship4LabelListenerMouseListener.class(in = 2438) (out= 1105)(deflated 54%)
adding: BattleShip/BattleShipController$ship5LabelListenerMouseListener.class(in = 2438) (out= 1111)(deflated 54%)
adding: BattleShip/BattleShipController$startButtonActionListener.class(in = 2733) (out= 1311)(deflated 52%)
adding: BattleShip/BattleShipController$swapButtonActionListener.class(in = 1592) (out= 813)(deflated 48%)
adding: BattleShip/BattleShipController.class(in = 4372) (out= 1640)(deflated 62%)
adding: BattleShip/BattleShipModel$ComputerAttackAction.class(in = 5454) (out= 2256)(deflated 58%)
adding: BattleShip/BattleShipModel$ComputerMissActionListener.class(in = 1687) (out= 909)(deflated 46%)
adding: BattleShip/BattleShipModel$ShipActionListener.class(in = 2977) (out= 1555)(deflated 47%)
adding: BattleShip/BattleShipModel.class(in = 19939) (out= 8175)(deflated 58%)
adding: BattleShip/BattleShipView.class(in = 4700) (out= 2367)(deflated 49%)
adding: BattleShip/Computer.class(in = 1231) (out= 711)(deflated 42%)
adding: BattleShip/GameInterFace.class(in = 8866) (out= 4482)(deflated 49%)
adding: BattleShip/MVCBattleShip.class(in = 2421) (out= 1261)(deflated 47%)
adding: BattleShip/ProductionTeam.class(in = 1852) (out= 1071)(deflated 42%)
adding: BattleShip/Setting.class(in = 860) (out= 459)(deflated 46%)
adding: BattleShip/SettingUI$1.class(in = 1573) (out= 888)(deflated 43%)
adding: BattleShip/SettingUI.class(in = 3752) (out= 1978)(deflated 47%)
adding: BattleShip/Strategy.class(in = 8878) (out= 3882)(deflated 56%)
adding: MenuPicture.png(in = 906259) (out= 906539)(deflated 0%)
adding: MenuPicture1.png(in = 660384) (out= 660589)(deflated 0%)
adding: MessagesBundle_en.properties(in = 859) (out= 316)(deflated 63%)
adding: MessagesBundle_zh.properties(in = 823) (out= 400)(deflated 51%)
adding: battleApplogo.png(in = 366272) (out= 366387)(deflated 0%)
adding: battleShip.png(in = 128297) (out= 128337)(deflated 0%)
adding: battleShip1.png(in = 29767) (out= 29777)(deflated 0%)
adding: battleShip2.png(in = 11630) (out= 11635)(deflated 0%)
adding: battleShip2Icon.png(in = 5581) (out= 5586)(deflated 0%)
adding: battleShip2IconForButtons.png(in = 5571) (out= 5576)(deflated 0%)
adding: battleShip4.png(in = 16651) (out= 16661)(deflated 0%)
adding: battleShip5.png(in = 17538) (out= 17548)(deflated 0%)
adding: hit.png(in = 3926) (out= 3931)(deflated 0%)
adding: miss.png(in = 2422) (out= 2427)(deflated 0%)
adding: player.png(in = 25054) (out= 25064)(deflated 0%)
adding: player1.png(in = 16372) (out= 16377)(deflated 0%)
